// Jest Snapshot v1, https://goo.gl/fbAQLP

exports[`Dropdown should match snapshot 1`] = `
<ContextProvider
  value={
    Object {
      "dropdownVisible": false,
      "setDropdownVisible": [Function],
    }
  }
>
  <div
    className="dropdown"
  >
    <DropdownButton
      variant="secondary"
    >
      Click Me!
    </DropdownButton>
    <DropdownMenu>
      <DropdownItem>
        Dropdown link
      </DropdownItem>
      <DropdownItem>
        Dropdown link
      </DropdownItem>
    </DropdownMenu>
  </div>
</ContextProvider>
`;
